Archive member included because of file (symbol)

C:\Infineon\AURIX-Studio-1.9.20\tools\Compilers\sdcc_421/share/sdcc/lib/large\libmcs51.a(crtstart.rel)
                              (_resetvec)
C:\Infineon\AURIX-Studio-1.9.20\tools\Compilers\sdcc_421/share/sdcc/lib/large\libmcs51.a(crtxinit.rel)
                              C:\Infineon\AURIX-Studio-1.9.20\tools\Compilers\sdcc_421/share/sdcc/lib/large\libmcs51.a(crtstart.rel) (__sdcc_gsinit3_start)
C:\Infineon\AURIX-Studio-1.9.20\tools\Compilers\sdcc_421/share/sdcc/lib/large\libmcs51.a(crtclear.rel)
                              C:\Infineon\AURIX-Studio-1.9.20\tools\Compilers\sdcc_421/share/sdcc/lib/large\libmcs51.a(crtxinit.rel) (__sdcc_gsinit4_start)
C:\Infineon\AURIX-Studio-1.9.20\tools\Compilers\sdcc_421/share/sdcc/lib/large\libmcs51.a(crtpagesfr_tc3xx.rel)
                              C:\Infineon\AURIX-Studio-1.9.20\tools\Compilers\sdcc_421/share/sdcc/lib/large\libmcs51.a(crtxinit.rel) (__XPAGE)
C:\Infineon\AURIX-Studio-1.9.20\tools\Compilers\sdcc_421/share/sdcc/lib/large\libmcs51.a(crtxstack.rel)
                              C:\Infineon\AURIX-Studio-1.9.20\tools\Compilers\sdcc_421/share/sdcc/lib/large\libmcs51.a(crtstart.rel) (__sdcc_gsinit1_start)
C:\Infineon\AURIX-Studio-1.9.20\tools\Compilers\sdcc_421/share/sdcc/lib/large\libmcs51.a(crtxclear.rel)
                              C:\Infineon\AURIX-Studio-1.9.20\tools\Compilers\sdcc_421/share/sdcc/lib/large\libmcs51.a(crtclear.rel) (__sdcc_gsinit4B_start)
C:\Infineon\AURIX-Studio-1.9.20\tools\Compilers\sdcc_421/share/sdcc/lib/large\libsdcc.a(_startup.rel)
                              C:\Infineon\AURIX-Studio-1.9.20\tools\Compilers\sdcc_421/share/sdcc/lib/large\libmcs51.a(crtstart.rel) (__sdcc_external_startup)

Allocating common symbols
Common symbol       size              file

__RB0__             0x8               C:\Infineon\AURIX-Studio-1.9.20\tools\Compilers\sdcc_421/share/sdcc/lib/large\libsdcc.a(_startup.rel)

Discarded input sections

 .text          0x00000000        0x0 C:\Infineon\AURIX-Studio-1.9.20\tools\Compilers\sdcc_421/share/sdcc/lib/large\libmcs51.a(crtstart.rel)
 .data          0x00000000        0x0 C:\Infineon\AURIX-Studio-1.9.20\tools\Compilers\sdcc_421/share/sdcc/lib/large\libmcs51.a(crtstart.rel)
 .bss           0x00000000        0x0 C:\Infineon\AURIX-Studio-1.9.20\tools\Compilers\sdcc_421/share/sdcc/lib/large\libmcs51.a(crtstart.rel)
 .bits.i51      0x00000000        0x8 C:\Infineon\AURIX-Studio-1.9.20\tools\Compilers\sdcc_421/share/sdcc/lib/large\libmcs51.a(crtstart.rel)
 .dbit.i51      0x00000000        0x1 C:\Infineon\AURIX-Studio-1.9.20\tools\Compilers\sdcc_421/share/sdcc/lib/large\libmcs51.a(crtstart.rel)
 .text          0x00000000        0x0 C:\Infineon\AURIX-Studio-1.9.20\tools\Compilers\sdcc_421/share/sdcc/lib/large\libmcs51.a(crtxinit.rel)
 .data          0x00000000        0x0 C:\Infineon\AURIX-Studio-1.9.20\tools\Compilers\sdcc_421/share/sdcc/lib/large\libmcs51.a(crtxinit.rel)
 .bss           0x00000000        0x0 C:\Infineon\AURIX-Studio-1.9.20\tools\Compilers\sdcc_421/share/sdcc/lib/large\libmcs51.a(crtxinit.rel)
 .text          0x00000000        0x0 C:\Infineon\AURIX-Studio-1.9.20\tools\Compilers\sdcc_421/share/sdcc/lib/large\libmcs51.a(crtclear.rel)
 .data          0x00000000        0x0 C:\Infineon\AURIX-Studio-1.9.20\tools\Compilers\sdcc_421/share/sdcc/lib/large\libmcs51.a(crtclear.rel)
 .bss           0x00000000        0x0 C:\Infineon\AURIX-Studio-1.9.20\tools\Compilers\sdcc_421/share/sdcc/lib/large\libmcs51.a(crtclear.rel)
 .text          0x00000000        0x0 C:\Infineon\AURIX-Studio-1.9.20\tools\Compilers\sdcc_421/share/sdcc/lib/large\libmcs51.a(crtpagesfr_tc3xx.rel)
 .data          0x00000000        0x0 C:\Infineon\AURIX-Studio-1.9.20\tools\Compilers\sdcc_421/share/sdcc/lib/large\libmcs51.a(crtpagesfr_tc3xx.rel)
 .bss           0x00000000        0x0 C:\Infineon\AURIX-Studio-1.9.20\tools\Compilers\sdcc_421/share/sdcc/lib/large\libmcs51.a(crtpagesfr_tc3xx.rel)
 .text          0x00000000        0x0 C:\Infineon\AURIX-Studio-1.9.20\tools\Compilers\sdcc_421/share/sdcc/lib/large\libmcs51.a(crtxstack.rel)
 .data          0x00000000        0x0 C:\Infineon\AURIX-Studio-1.9.20\tools\Compilers\sdcc_421/share/sdcc/lib/large\libmcs51.a(crtxstack.rel)
 .bss           0x00000000        0x0 C:\Infineon\AURIX-Studio-1.9.20\tools\Compilers\sdcc_421/share/sdcc/lib/large\libmcs51.a(crtxstack.rel)
 .text          0x00000000        0x0 C:\Infineon\AURIX-Studio-1.9.20\tools\Compilers\sdcc_421/share/sdcc/lib/large\libmcs51.a(crtxclear.rel)
 .data          0x00000000        0x0 C:\Infineon\AURIX-Studio-1.9.20\tools\Compilers\sdcc_421/share/sdcc/lib/large\libmcs51.a(crtxclear.rel)
 .bss           0x00000000        0x0 C:\Infineon\AURIX-Studio-1.9.20\tools\Compilers\sdcc_421/share/sdcc/lib/large\libmcs51.a(crtxclear.rel)
 .text          0x00000000        0x0 C:\Infineon\AURIX-Studio-1.9.20\tools\Compilers\sdcc_421/share/sdcc/lib/large\libsdcc.a(_startup.rel)
 .data          0x00000000        0x0 C:\Infineon\AURIX-Studio-1.9.20\tools\Compilers\sdcc_421/share/sdcc/lib/large\libsdcc.a(_startup.rel)
 .bss           0x00000000        0x0 C:\Infineon\AURIX-Studio-1.9.20\tools\Compilers\sdcc_421/share/sdcc/lib/large\libsdcc.a(_startup.rel)
 COMMON         0x00000000        0x8 C:\Infineon\AURIX-Studio-1.9.20\tools\Compilers\sdcc_421/share/sdcc/lib/large\libsdcc.a(_startup.rel)
 .text          0x00000000        0x0 ./SCR/CCT_Timer_Basic_Operation.o
 .data          0x00000000        0x0 ./SCR/CCT_Timer_Basic_Operation.o
 .bss           0x00000000        0x0 ./SCR/CCT_Timer_Basic_Operation.o
 .bdata.i51     0x00000000        0x0 ./SCR/CCT_Timer_Basic_Operation.o
 .text.code.CCT_Timer_Trigger_SW_Overflow
                0x00000000        0x7 ./SCR/CCT_Timer_Basic_Operation.o
 .text          0x00000000        0x0 ./SCR/CCU_Capture_Mode_0_Config.o
 .data          0x00000000        0x0 ./SCR/CCU_Capture_Mode_0_Config.o
 .bss           0x00000000        0x0 ./SCR/CCU_Capture_Mode_0_Config.o
 .bdata.i51     0x00000000        0x0 ./SCR/CCU_Capture_Mode_0_Config.o
 .text          0x00000000        0x0 ./SCR/CCU_Capture_Mode_1_Config.o
 .data          0x00000000        0x0 ./SCR/CCU_Capture_Mode_1_Config.o
 .bss           0x00000000        0x0 ./SCR/CCU_Capture_Mode_1_Config.o
 .bdata.i51     0x00000000        0x0 ./SCR/CCU_Capture_Mode_1_Config.o
 .text.code.SCR_CCU_Capture_Mode_1_Config
                0x00000000        0xf ./SCR/CCU_Capture_Mode_1_Config.o
 .text          0x00000000        0x0 ./SCR/Clear_Pending_bit_Node_8_9.o
 .data          0x00000000        0x0 ./SCR/Clear_Pending_bit_Node_8_9.o
 .bss           0x00000000        0x0 ./SCR/Clear_Pending_bit_Node_8_9.o
 .bdata.i51     0x00000000        0x0 ./SCR/Clear_Pending_bit_Node_8_9.o
 .text.code.clear_pending_bit_Node_8_9
                0x00000000        0xa ./SCR/Clear_Pending_bit_Node_8_9.o
 .text          0x00000000        0x0 ./SCR/Duty_Cycle_Calculations.o
 .data          0x00000000        0x0 ./SCR/Duty_Cycle_Calculations.o
 .bss           0x00000000        0x0 ./SCR/Duty_Cycle_Calculations.o
 .bdata.i51     0x00000000        0x0 ./SCR/Duty_Cycle_Calculations.o
 .ddata.i51     0x00000000        0x4 ./SCR/Duty_Cycle_Calculations.o
 .xdata.i51     0x00000000       0x16 ./SCR/Duty_Cycle_Calculations.o
 .text.code.Duty_Cycle_Calculator_Function
                0x00000000       0x4d ./SCR/Duty_Cycle_Calculations.o
 .text.code.Measure_PWM_duty_cycle
                0x00000000      0x10c ./SCR/Duty_Cycle_Calculations.o
 .text.code.multiply_16bit_by_8bit
                0x00000000       0xa6 ./SCR/Duty_Cycle_Calculations.o
 .text.code.add_two_16_bit_unint
                0x00000000       0xbf ./SCR/Duty_Cycle_Calculations.o
 .text.code.CCT_Read_PWM_OnTime
                0x00000000        0xd ./SCR/Duty_Cycle_Calculations.o
 .text.code.CCT_Read_PWM_OffTime
                0x00000000        0xd ./SCR/Duty_Cycle_Calculations.o
 .text          0x00000000        0x0 ./SCR/IsStandbyMode.o
 .data          0x00000000        0x0 ./SCR/IsStandbyMode.o
 .bss           0x00000000        0x0 ./SCR/IsStandbyMode.o
 .bdata.i51     0x00000000        0x0 ./SCR/IsStandbyMode.o
 .bitdata.i51   0x00000000        0x1 ./SCR/IsStandbyMode.o
 .text.code.IsStandbyMode
                0x00000000       0x14 ./SCR/IsStandbyMode.o
 .text          0x00000000        0x0 ./SCR/Read_Pending_Bit.o
 .data          0x00000000        0x0 ./SCR/Read_Pending_Bit.o
 .bss           0x00000000        0x0 ./SCR/Read_Pending_Bit.o
 .bdata.i51     0x00000000        0x0 ./SCR/Read_Pending_Bit.o
 .text.code.read_pending_bit_node_8
                0x00000000       0x21 ./SCR/Read_Pending_Bit.o
 .text.code.read_pending_bit_node_9
                0x00000000       0x1e ./SCR/Read_Pending_Bit.o
 .text          0x00000000        0x0 ./SCR/Reset_CCT_Timer.o
 .data          0x00000000        0x0 ./SCR/Reset_CCT_Timer.o
 .bss           0x00000000        0x0 ./SCR/Reset_CCT_Timer.o
 .bdata.i51     0x00000000        0x0 ./SCR/Reset_CCT_Timer.o
 .text.code.Reset_CCT_Timer
                0x00000000        0x7 ./SCR/Reset_CCT_Timer.o
 .text          0x00000000        0x0 ./SCR/SCR_ADC_Init.o
 .data          0x00000000        0x0 ./SCR/SCR_ADC_Init.o
 .bss           0x00000000        0x0 ./SCR/SCR_ADC_Init.o
 .bdata.i51     0x00000000        0x0 ./SCR/SCR_ADC_Init.o
 .xdata.i51     0x00000000        0x4 ./SCR/SCR_ADC_Init.o
 .text.code.SCR_ADC_IsSampling
                0x00000000        0xa ./SCR/SCR_ADC_Init.o
 .text.code.SCR_ADC_EnableModulTriggerDumyConversion
                0x00000000       0x18 ./SCR/SCR_ADC_Init.o
 .text.code.SCR_ADC_DisableModule
                0x00000000        0x7 ./SCR/SCR_ADC_Init.o
 .text.code.SCR_ADC_IsEnabled
                0x00000000        0xa ./SCR/SCR_ADC_Init.o
 .text.code.SCR_ADC_isReadyForNewConversion
                0x00000000        0xa ./SCR/SCR_ADC_Init.o
 .text.code.SCR_ADC_SelectChannel
                0x00000000       0x12 ./SCR/SCR_ADC_Init.o
 .text.code.SCR_ADC_StartNewConversion
                0x00000000        0x7 ./SCR/SCR_ADC_Init.o
 .text.code.SCR_ADC_IsResultValid
                0x00000000       0x25 ./SCR/SCR_ADC_Init.o
 .text.code.SCR_ADC_GetResult
                0x00000000        0xd ./SCR/SCR_ADC_Init.o
 .text.code.SCR_ADC_StartNewConversionGetResult
                0x00000000       0x34 ./SCR/SCR_ADC_Init.o
 .text          0x00000000        0x0 ./SCR/SCR_GPIO_Init.o
 .data          0x00000000        0x0 ./SCR/SCR_GPIO_Init.o
 .bss           0x00000000        0x0 ./SCR/SCR_GPIO_Init.o
 .bdata.i51     0x00000000        0x0 ./SCR/SCR_GPIO_Init.o
 .text          0x00000000        0x0 ./SCR/SCR_Interrupt_Config.o
 .data          0x00000000        0x0 ./SCR/SCR_Interrupt_Config.o
 .bss           0x00000000        0x0 ./SCR/SCR_Interrupt_Config.o
 .bdata.i51     0x00000000        0x0 ./SCR/SCR_Interrupt_Config.o
 .text          0x00000000        0x0 ./SCR/SCR_RTC_Init.o
 .data          0x00000000        0x0 ./SCR/SCR_RTC_Init.o
 .bss           0x00000000        0x0 ./SCR/SCR_RTC_Init.o
 .text          0x00000000        0x0 ./SCR/Select_Interrupt_Priority.o
 .data          0x00000000        0x0 ./SCR/Select_Interrupt_Priority.o
 .bss           0x00000000        0x0 ./SCR/Select_Interrupt_Priority.o
 .bdata.i51     0x00000000        0x0 ./SCR/Select_Interrupt_Priority.o
 .text          0x00000000        0x0 ./SCR/Timer_2_Basic_Operations.o
 .data          0x00000000        0x0 ./SCR/Timer_2_Basic_Operations.o
 .bss           0x00000000        0x0 ./SCR/Timer_2_Basic_Operations.o
 .bdata.i51     0x00000000        0x0 ./SCR/Timer_2_Basic_Operations.o
 .text.code.SCR_Timer_2_Basic_Operations
                0x00000000       0x16 ./SCR/Timer_2_Basic_Operations.o
 .text          0x00000000        0x0 ./SCR/TrigerWakeUpFromStandbyMode.o
 .data          0x00000000        0x0 ./SCR/TrigerWakeUpFromStandbyMode.o
 .bss           0x00000000        0x0 ./SCR/TrigerWakeUpFromStandbyMode.o
 .bdata.i51     0x00000000        0x0 ./SCR/TrigerWakeUpFromStandbyMode.o
 .text.code.TrigerWakeUpFromStandbyMode
                0x00000000        0x7 ./SCR/TrigerWakeUpFromStandbyMode.o
 .text          0x00000000        0x0 ./SCR/main.o
 .data          0x00000000        0x0 ./SCR/main.o
 .bss           0x00000000        0x0 ./SCR/main.o
 .bdata.i51     0x00000000        0x0 ./SCR/main.o
 .text.code.delay
                0x00000000       0x22 ./SCR/main.o

Memory Configuration

Name             Origin             Length             Used               Free               Attributes
text             0x00000000         0x00001c00         0x0000030b         0x000018f5         xr
bit              0x00000000         0x00000080         0x00000000         0x00000080         rw !x
data             0x00000000         0x00000100         0x00000008         0x000000f8         rw !x
pdata            0x00000000         0x00000100         0x00000000         0x00000100         rw !x
xdata            0x00001c00         0x00000400         0x0000011c         0x000002e4         rw !x
edata            0x00000000         0x00000000         0x00000000         0x00000000         rw !x
eeprom           0x00000000         0x00000000         0x00000000         0x00000000         rw !x
*default*        0x00000000         0xffffffff         0x00001d1c         0xffffe2e3

Linker script and memory map

                0x00000100                PROVIDE (l_IRAM, 0x100)

.hash
 *(.hash)

.dynsym
 *(.dynsym)

.dynstr
 *(.dynstr)

.gnu.version
 *(.gnu.version)

.gnu.version_d
 *(.gnu.version_d)

.gnu.version_r
 *(.gnu.version_r)

.rel.init
 *(.rel.init)

.rela.init
 *(.rela.init)

.rel.text
 *(.rel.text)
 *(.rel.text.*)
 *(.rel.gnu.linkonce.t*)

.rela.text
 *(.rela.text)
 *(.rela.text.*)
 *(.rela.gnu.linkonce.t*)

.rel.fini
 *(.rel.fini)

.rela.fini
 *(.rela.fini)

.rel.rodata
 *(.rel.rodata)
 *(.rel.rodata.*)
 *(.rel.gnu.linkonce.r*)

.rela.rodata
 *(.rela.rodata)
 *(.rela.rodata.*)
 *(.rela.gnu.linkonce.r*)

.rel.data
 *(.rel.data)
 *(.rel.data.*)
 *(.rel.gnu.linkonce.d*)

.rela.data
 *(.rela.data)
 *(.rela.data.*)
 *(.rela.gnu.linkonce.d*)

.rel.ctors
 *(.rel.ctors)

.rela.ctors
 *(.rela.ctors)

.rel.dtors
 *(.rel.dtors)

.rela.dtors
 *(.rela.dtors)

.rel.got
 *(.rel.got)

.rela.got
 *(.rela.got)

.rel.bss
 *(.rel.bss)

.rela.bss
 *(.rela.bss)

.rel.plt
 *(.rel.plt)

.rela.plt
 *(.rela.plt)

.reset          memory region -> text
                0x00000000        0x3
                0x00000000                PROVIDE (_resetvec, .)
 *(.reset)
 .reset         0x00000000        0x3 C:\Infineon\AURIX-Studio-1.9.20\tools\Compilers\sdcc_421/share/sdcc/lib/large\libmcs51.a(crtstart.rel)
                0x00000000                _resetvec

.isr00
 *(.isr00)

.isr01
 *(.isr01)

.isr02
 *(.isr02)

.isr03
 *(.isr03)

.isr04
 *(.isr04)

.isr05          memory region -> text
                0x0000002b        0x3
 *(.isr05)
 .isr05         0x0000002b        0x3 ./SCR/main.o

.isr06
 *(.isr06)

.isr07
 *(.isr07)

.isr08          memory region -> text
                0x00000043        0x3
 *(.isr08)
 .isr08         0x00000043        0x3 ./SCR/main.o

.isr09          memory region -> text
                0x0000004b        0x3
 *(.isr09)
 .isr09         0x0000004b        0x3 ./SCR/main.o

.isr10
 *(.isr10)

.isr11
 *(.isr11)

.isr12
 *(.isr12)

.isr13
 *(.isr13)

.isr14
 *(.isr14)

.gsinit         memory region -> text
                0x00000100        0x3
                0x00000100                PROVIDE (__init_table, .)
 *(.text.gsinit)
                0x00000100        0x1 BYTE 0x22
                0x00000101        0x2 SHORT 0x100 ADDR (.gsinit)

.text           memory region -> text
                0x00000103      0x1fa
 *(.init)
 *(.text.gsinit0)
 .text.gsinit0  0x00000103        0x6 C:\Infineon\AURIX-Studio-1.9.20\tools\Compilers\sdcc_421/share/sdcc/lib/large\libmcs51.a(crtstart.rel)
                0x00000103                __sdcc_gsinit_startup
 *(.text.gsinit1)
 .text.gsinit1  0x00000109        0x3 C:\Infineon\AURIX-Studio-1.9.20\tools\Compilers\sdcc_421/share/sdcc/lib/large\libmcs51.a(crtxstack.rel)
                0x00000109                __sdcc_gsinit1_start
 *(.text.gsinit2)
 .text.gsinit2  0x0000010c        0xd C:\Infineon\AURIX-Studio-1.9.20\tools\Compilers\sdcc_421/share/sdcc/lib/large\libmcs51.a(crtstart.rel)
                0x0000010c                __sdcc_gsinit2_start
 *(.text.gsinit3)
 .text.gsinit3  0x00000119       0x25 C:\Infineon\AURIX-Studio-1.9.20\tools\Compilers\sdcc_421/share/sdcc/lib/large\libmcs51.a(crtxinit.rel)
                0x00000119                __sdcc_gsinit3_start
 *(.text.gsinit4)
 .text.gsinit4  0x0000013e        0x9 C:\Infineon\AURIX-Studio-1.9.20\tools\Compilers\sdcc_421/share/sdcc/lib/large\libmcs51.a(crtclear.rel)
                0x0000013e                __sdcc_gsinit4_start
 .text.gsinit4  0x00000147       0x27 C:\Infineon\AURIX-Studio-1.9.20\tools\Compilers\sdcc_421/share/sdcc/lib/large\libmcs51.a(crtxclear.rel)
                0x00000147                __sdcc_gsinit4B_start
 *(.text.gsinit5)
 .text.gsinit5  0x0000016e        0x3 C:\Infineon\AURIX-Studio-1.9.20\tools\Compilers\sdcc_421/share/sdcc/lib/large\libmcs51.a(crtxstack.rel)
                0x0000016e                __sdcc_gsinit5_start
 *(.text.gsfinal)
 .text.gsfinal  0x00000171        0x8 C:\Infineon\AURIX-Studio-1.9.20\tools\Compilers\sdcc_421/share/sdcc/lib/large\libmcs51.a(crtstart.rel)
                0x00000171                __sdcc_program_startup
 *(.text)
 *(.text.*)
 .text.code._sdcc_external_startup
                0x00000179        0x4 C:\Infineon\AURIX-Studio-1.9.20\tools\Compilers\sdcc_421/share/sdcc/lib/large\libsdcc.a(_startup.rel)
                0x00000179                __sdcc_external_startup
 .text.code.SCR_CCT_Timer_Basic_Operation
                0x0000017d       0x16 ./SCR/CCT_Timer_Basic_Operation.o
                0x0000017d                _SCR_CCT_Timer_Basic_Operation
 .text.code.SCR_CCU_Capture_Mode_0
                0x00000193        0xf ./SCR/CCU_Capture_Mode_0_Config.o
                0x00000193                _SCR_CCU_Capture_Mode_0
 .text.code.gpio_init
                0x000001a2       0x25 ./SCR/SCR_GPIO_Init.o
                0x000001a2                _gpio_init
 .text.code.SCR_IR_Select_External_Interrupt_Line
                0x000001c7       0x14 ./SCR/SCR_Interrupt_Config.o
                0x000001c7                _SCR_IR_Select_External_Interrupt_Line
 .text.code.SCR_IR_Select_Edge_Mode
                0x000001db       0x2c ./SCR/SCR_Interrupt_Config.o
                0x000001db                _SCR_IR_Select_Edge_Mode
 .text.code.SCR_IR_Enable_Interrupt_Node
                0x00000207        0x7 ./SCR/SCR_Interrupt_Config.o
                0x00000207                _SCR_IR_Enable_Interrupt_Node
 .text.code.SCR_Select_Interrupt_Priority
                0x0000020e        0x7 ./SCR/Select_Interrupt_Priority.o
                0x0000020e                _SCR_Select_Interrupt_Priority
 .text.code.main
                0x00000215       0xa0 ./SCR/main.o
                0x00000215                _main
 .text.code.EXINT5IS_interrupt
                0x000002b5        0x1 ./SCR/main.o
                0x000002b5                _EXINT5IS_interrupt
 .text.code.EXINT8IS_interrupt
                0x000002b6       0x19 ./SCR/main.o
                0x000002b6                _EXINT8IS_interrupt
 .text.code.EXINT9IS_interrupt
                0x000002cf       0x2e ./SCR/main.o
                0x000002cf                _EXINT9IS_interrupt
 *(.fini)
                0x000002fd                _etext = .

.roxdata        memory region -> text
                0x000002fd        0xe
                0x000002fd                __roxdata_start = .
 *(.roxdata.*)
 .roxdata.init  0x000002fd        0x6 ./SCR/Duty_Cycle_Calculations.o
 .roxdata.init  0x00000303        0x2 ./SCR/Read_Pending_Bit.o
 .roxdata.init  0x00000305        0x6 ./SCR/main.o
                0x0000030b                __roxdata_end = .
                0x00000008                regsize = DEFINED (__RB3__)?0x20:DEFINED (__RB2__)?0x18:DEFINED (__RB1__)?0x10:0x8

.reg            memory region -> data
                0x00000000        0x8 load address 0x000002fd
                0x00000000                PROVIDE (__reg_start, .)
 *(.regbank)
                0x00000008                . = regsize
 *fill*         0x00000000        0x8 00
                0x00000008                PROVIDE (__reg_end, .)

.bits           memory region -> bit
                0x00000000        0x0
                0x00000000                PROVIDE (__bit_start, .)
 *(.bits*)
                0x00000000                PROVIDE (__bit_end, .)

.dbit           memory region -> data
                0x00000020        0x0
 *(.dbit*)

.bit            memory region -> bit
                0x00000000        0x0
                0x00000000                PROVIDE (__bit_start, .)
 *(.bitdata*)
                0x00000000                PROVIDE (__bit_end, .)

.ddata          memory region -> data
                0x00000008        0x0
                0x00000008                PROVIDE (__ddata_start, .)
 *(.ddata*)
 *(.gnu.linkonce.d*)
                0x00000008                __ddata_end = .

.bss            memory region -> data
                0x00000008        0x0
                0x00000008                PROVIDE (__bss_start, .)
 *(.bss*)
 *(COMMON)
                0x00000008                PROVIDE (__bss_end, .)

.idata          memory region -> data
                0x00000008        0x0
                0x00000008                PROVIDE (__idata_start, .)
 *(.idata*)
                0x00000008                PROVIDE (__idata_end, .)

.ibss           memory region -> data
                0x00000008        0x0
                0x00000008                PROVIDE (__ibss_start, .)
 *(.ibss*)
                0x00000008                PROVIDE (__ibss_end, .)
                0x00000008                PROVIDE (__stack_start, .)

.pdata          memory region -> xdata
                0x00001c01        0x0
                0x00001c01                __pdata_start = .
 *(.pdata*)
                0x00001c01                __pdata_end = .
                0x00001c01                PROVIDE (__xstack_start, .)

.xdata          memory region -> xdata
                0x00001d00       0x1c
                0x00001d00                __xdatac_start = .
 *(.xdata.i51*)
 .xdata.i51     0x00001d00        0xe ./SCR/main.o
 *(.xdata.abs*)
                0x00001d0e                __xdatac_end = .
                0x00001d0e                __xdatai_start = .
 *(.xdata.init*)
 .xdata.init    0x00001d0e        0x6 ./SCR/Duty_Cycle_Calculations.o
                0x00001d0e                _Capture_Value_1
                0x00001d10                _Capture_Value_2
                0x00001d12                _duty_cycle
 .xdata.init    0x00001d14        0x2 ./SCR/Read_Pending_Bit.o
                0x00001d14                _pending_bit_status
                0x00001d15                _pending_bit_status_1
 .xdata.init    0x00001d16        0x6 ./SCR/main.o
                0x00001d16                _Duty_Cycle_Calculator
                0x00001d17                _edge_counter
                0x00001d18                _Check_Pin_Stat
                0x00001d19                _Read_Capture_Register
                0x00001d1a                _rising_edge
                0x00001d1b                _falling_edge
                0x00001d1c                __xdatai_end = .

.ixdata         memory region -> xdata
                0x00001d1c        0x0
                0x00001d1c                PROVIDE (__ixdata_start, .)
 *(.xbss*)
                0x00001d1c                PROVIDE (__ixdata_end, .)

.edata          memory region -> edata
                0x00000000        0x0
                0x00000000                PROVIDE (__edata_start, .)
 *(.edata*)
                0x00000000                PROVIDE (__edata_end, .)
                0x00001c01                s_PSEG = __pdata_start
                0x00000000                l_PSEG = (__pdata_end - __pdata_start)
                0x00001d00                s_XSEG = __xdatac_start
                0x0000000e                l_XSEG = (__xdatac_end - __xdatac_start)
                0x00001d0e                s_XISEG = __xdatai_start
                0x0000000e                l_XISEG = (__xdatai_end - __xdatai_start)
                0x000002fd                s_XINIT = __roxdata_start
                0x0000000e                l_XINIT = (__roxdata_end - __roxdata_start)
                0x00000001                _. = ASSERT ((__stack_start < 0xf0), Stack Iram above limit 0xF0)
                0x00000001                _. = ASSERT ((__ddata_end < 0x80), Direct Iram Data above Limit 0x80)

.iedata         memory region -> edata
                0x00000000        0x0
                0x00000000                PROVIDE (__iedata_start, .)
 *(.ebss*)
                0x00000000                PROVIDE (__iedata_end, .)

.eeprom         memory region -> eeprom
                0x00000000        0x0
                0x00000000                PROVIDE (__eeprom_start, .)
 *(.eeprom*)
                0x00000000                PROVIDE (__eeprom_end, .)

.stab
 *(.stab)

.stabstr
 *(.stabstr)

.stab.excl
 *(.stab.excl)

.stab.exclstr
 *(.stab.exclstr)

.stab.index
 *(.stab.index)

.stab.indexstr
 *(.stab.indexstr)

.comment
 *(.comment)

.debug
 *(.debug)

.line
 *(.line)

.debug_srcinfo
 *(.debug_srcinfo)

.debug_sfnames
 *(.debug_sfnames)

.debug_aranges
 *(.debug_aranges)

.debug_pubnames
 *(.debug_pubnames)

.debug_info
 *(.debug_info)
 *(.gnu.linkonce.wi.*)

.debug_abbrev
 *(.debug_abbrev)

.debug_line
 *(.debug_line)

.debug_frame
 *(.debug_frame)

.debug_str
 *(.debug_str)

.debug_loc
 *(.debug_loc)

.debug_macinfo
 *(.debug_macinfo)
LOAD C:\Infineon\AURIX-Studio-1.9.20\tools\Compilers\sdcc_421/share/sdcc/lib/large\libsdcc.a
LOAD C:\Infineon\AURIX-Studio-1.9.20\tools\Compilers\sdcc_421/share/sdcc/lib/large\libmcs51.a
LOAD C:\Infineon\AURIX-Studio-1.9.20\tools\Compilers\sdcc_421/share/sdcc/lib/large\libint.a
LOAD C:\Infineon\AURIX-Studio-1.9.20\tools\Compilers\sdcc_421/share/sdcc/lib/large\libsdcc.a
LOAD C:\Infineon\AURIX-Studio-1.9.20\tools\Compilers\sdcc_421/share/sdcc/lib/large\liblonglong.a
LOAD C:\Infineon\AURIX-Studio-1.9.20\tools\Compilers\sdcc_421/share/sdcc/lib/large\liblong.a
LOAD C:\Infineon\AURIX-Studio-1.9.20\tools\Compilers\sdcc_421/share/sdcc/lib/large\libint.a
LOAD C:\Infineon\AURIX-Studio-1.9.20\tools\Compilers\sdcc_421/share/sdcc/lib/large\libfloat.a
LOAD ./SCR/CCT_Timer_Basic_Operation.o
LOAD ./SCR/CCU_Capture_Mode_0_Config.o
LOAD ./SCR/CCU_Capture_Mode_1_Config.o
LOAD ./SCR/Clear_Pending_bit_Node_8_9.o
LOAD ./SCR/Duty_Cycle_Calculations.o
LOAD ./SCR/IsStandbyMode.o
LOAD ./SCR/Read_Pending_Bit.o
LOAD ./SCR/Reset_CCT_Timer.o
LOAD ./SCR/SCR_ADC_Init.o
LOAD ./SCR/SCR_GPIO_Init.o
LOAD ./SCR/SCR_Interrupt_Config.o
LOAD ./SCR/SCR_RTC_Init.o
LOAD ./SCR/Select_Interrupt_Priority.o
LOAD ./SCR/Timer_2_Basic_Operations.o
LOAD ./SCR/TrigerWakeUpFromStandbyMode.o
LOAD ./SCR/main.o
OUTPUT(SCR_AURIX_TC3x.elf elf32-i51)
